Archive member included to satisfy reference by file (symbol)

../../aarch/rasp4/lib/libcircle.a(actled.o)
                              kernel.o (CActLED::Off())
../../aarch/rasp4/lib/libcircle.a(gpiopin.o)
                              kernel.o (CGPIOPin::CGPIOPin(unsigned int, TGPIOMode, CGPIOManager*))
../../aarch/rasp4/lib/libcircle.a(machineinfo.o)
                              ../../aarch/rasp4/lib/libcircle.a(actled.o) (CMachineInfo::GetActLEDInfo() const)
../../aarch/rasp4/lib/libcircle.a(sysinit.o)
                              main.o (halt)
../../aarch/rasp4/lib/libcircle.a(timer.o)
                              kernel.o (CTimer::SimpleMsDelay(unsigned int))
../../aarch/rasp4/lib/libcircle.a(virtualgpiopin.o)
                              ../../aarch/rasp4/lib/libcircle.a(actled.o) (CVirtualGPIOPin::Write(unsigned int))
../../aarch/rasp4/lib/libcircle.a(chainboot.o)
                              ../../aarch/rasp4/lib/libcircle.a(sysinit.o) (IsChainBootEnabled)
../../aarch/rasp4/lib/libcircle.a(memory64.o)
                              kernel.o (CMemorySystem::CMemorySystem(bool))
../../aarch/rasp4/lib/libcircle.a(startup64.o)
                              (_start)
../../aarch/rasp4/lib/libcircle.a(synchronize64.o)
                              ../../aarch/rasp4/lib/libcircle.a(gpiopin.o) (EnterCritical)
../../aarch/rasp4/lib/libcircle.a(translationtable64.o)
                              ../../aarch/rasp4/lib/libcircle.a(memory64.o) (CTranslationTable::CTranslationTable(unsigned long))
../../aarch/rasp4/lib/libcircle.a(interruptgic.o)
                              ../../aarch/rasp4/lib/libcircle.a(timer.o) (CInterruptSystem::ConnectIRQ(unsigned int, void (*)(void*), void*))
../../aarch/rasp4/lib/libcircle.a(new.o)
                              ../../aarch/rasp4/lib/libcircle.a(actled.o) (operator new(unsigned long))
../../aarch/rasp4/lib/libcircle.a(alloc.o)
                              ../../aarch/rasp4/lib/libcircle.a(memory64.o) (mem_init)
../../aarch/rasp4/lib/libcircle.a(assert.o)
                              ../../aarch/rasp4/lib/libcircle.a(gpiopin.o) (assertion_failed)
../../aarch/rasp4/lib/libcircle.a(bcmpropertytags.o)
                              ../../aarch/rasp4/lib/libcircle.a(machineinfo.o) (CBcmPropertyTags::CBcmPropertyTags(bool))
../../aarch/rasp4/lib/libcircle.a(debug.o)
                              ../../aarch/rasp4/lib/libcircle.a(assert.o) (debug_stacktrace(unsigned long const*, char const*))
../../aarch/rasp4/lib/libcircle.a(delayloop.o)
                              ../../aarch/rasp4/lib/libcircle.a(timer.o) (DelayLoop)
../../aarch/rasp4/lib/libcircle.a(gpiomanager.o)
                              ../../aarch/rasp4/lib/libcircle.a(gpiopin.o) (CGPIOManager::ConnectInterrupt(CGPIOPin*))
../../aarch/rasp4/lib/libcircle.a(logger.o)
                              ../../aarch/rasp4/lib/libcircle.a(timer.o) (CLogger::Write(char const*, TLogSeverity, char const*, ...))
../../aarch/rasp4/lib/libcircle.a(ptrlist.o)
                              ../../aarch/rasp4/lib/libcircle.a(timer.o) (CPtrList::CPtrList())
../../aarch/rasp4/lib/libcircle.a(string.o)
                              ../../aarch/rasp4/lib/libcircle.a(assert.o) (CString::~CString())
../../aarch/rasp4/lib/libcircle.a(util.o)
                              ../../aarch/rasp4/lib/libcircle.a(translationtable64.o) (memset)
../../aarch/rasp4/lib/libcircle.a(util_fast.o)
                              ../../aarch/rasp4/lib/libcircle.a(chainboot.o) (memcpy)
../../aarch/rasp4/lib/libcircle.a(exceptionstub64.o)
                              ../../aarch/rasp4/lib/libcircle.a(startup64.o) (VectorTable)
../../aarch/rasp4/lib/libcircle.a(bcmmailbox.o)
                              ../../aarch/rasp4/lib/libcircle.a(bcmpropertytags.o) (CBcmMailBox::CBcmMailBox(unsigned int, bool))
../../aarch/rasp4/lib/libcircle.a(exceptionhandler64.o)
                              ../../aarch/rasp4/lib/libcircle.a(exceptionstub64.o) (ExceptionHandler)

Discarded input sections

 .group         0x0000000000000000        0xc ../../aarch/rasp4/lib/libcircle.a(gpiopin.o)
 .group         0x0000000000000000        0xc ../../aarch/rasp4/lib/libcircle.a(virtualgpiopin.o)
 .group         0x0000000000000000        0xc ../../aarch/rasp4/lib/libcircle.a(string.o)

Memory Configuration

Name             Origin             Length             Attributes
*default*        0x0000000000000000 0xffffffffffffffff

Linker script and memory map

Address of section .init set to 0x80000

.init           0x0000000000080000       0xa8
 *(.init)
 .init          0x0000000000080000       0xa8 ../../aarch/rasp4/lib/libcircle.a(startup64.o)
                0x0000000000080000                _start

.text           0x0000000000080800     0x8e04
 *(.text*)
 .text          0x0000000000080800        0x0 main.o
 .text.startup  0x0000000000080800       0x38 main.o
                0x0000000000080800                main
 *fill*         0x0000000000080838        0x8 
 .text          0x0000000000080840      0x108 kernel.o
                0x0000000000080840                CKernel::CKernel()
                0x0000000000080840                CKernel::CKernel()
                0x0000000000080870                CKernel::~CKernel()
                0x0000000000080870                CKernel::~CKernel()
                0x00000000000808a0                CKernel::Initialize()
                0x00000000000808b0                CKernel::Run()
 *fill*         0x0000000000080948        0x8 
 .text          0x0000000000080950      0x1bc ../../aarch/rasp4/lib/libcircle.a(actled.o)
                0x0000000000080950                CActLED::CActLED(bool)
                0x0000000000080950                CActLED::CActLED(bool)
                0x0000000000080a00                CActLED::~CActLED()
                0x0000000000080a00                CActLED::~CActLED()
                0x0000000000080a10                CActLED::On()
                0x0000000000080a40                CActLED::Off()
                0x0000000000080a80                CActLED::Blink(unsigned int, unsigned int, unsigned int)
                0x0000000000080b00                CActLED::Get()
 *fill*         0x0000000000080b0c        0x4 
 .text          0x0000000000080b10      0xf24 ../../aarch/rasp4/lib/libcircle.a(gpiopin.o)
                0x0000000000080b10                CGPIOPin::CGPIOPin()
                0x0000000000080b10                CGPIOPin::CGPIOPin()
                0x0000000000080b40                CGPIOPin::CGPIOPin(unsigned int, TGPIOMode, CGPIOManager*)
                0x0000000000080b40                CGPIOPin::CGPIOPin(unsigned int, TGPIOMode, CGPIOManager*)
                0x0000000000080ba0                CGPIOPin::~CGPIOPin()
                0x0000000000080ba0                CGPIOPin::~CGPIOPin()
                0x0000000000080bb0                CGPIOPin::~CGPIOPin()
                0x0000000000080bc0                CGPIOPin::AssignPin(unsigned int)
                0x0000000000080c60                CGPIOPin::SetMode(TGPIOMode, bool)
                0x0000000000080e40                CGPIOPin::Write(unsigned int)
                0x0000000000080f00                CGPIOPin::Read() const
                0x0000000000080f90                CGPIOPin::Invert()
                0x0000000000080fe0                CGPIOPin::ConnectInterrupt(void (*)(void*), void*)
                0x00000000000810f0                CGPIOPin::DisconnectInterrupt()
                0x00000000000811d0                CGPIOPin::EnableInterrupt(TGPIOInterrupt)
                0x0000000000081320                CGPIOPin::DisableInterrupt()
                0x0000000000081420                CGPIOPin::EnableInterrupt2(TGPIOInterrupt)
                0x0000000000081570                CGPIOPin::DisableInterrupt2()
                0x0000000000081670                CGPIOPin::WriteAll(unsigned int, unsigned int)
                0x00000000000816a0                CGPIOPin::ReadAll()
                0x00000000000816b0                CGPIOPin::SetPullMode(TGPIOPullMode)
                0x00000000000817a0                CGPIOPin::SetAlternateFunction(unsigned int)
                0x00000000000818a0                CGPIOPin::InterruptHandler()
                0x0000000000081940                CGPIOPin::DisableAllInterrupts(unsigned int)
 *fill*         0x0000000000081a34        0xc 
 .text.startup  0x0000000000081a40       0x10 ../../aarch/rasp4/lib/libcircle.a(gpiopin.o)
 .text          0x0000000000081a50      0x94c ../../aarch/rasp4/lib/libcircle.a(machineinfo.o)
                0x0000000000081a50                CMachineInfo::CMachineInfo()
                0x0000000000081a50                CMachineInfo::CMachineInfo()
                0x0000000000081e7c                CMachineInfo::~CMachineInfo()
                0x0000000000081e7c                CMachineInfo::~CMachineInfo()
                0x0000000000081ea0                CMachineInfo::GetMachineModel() const
                0x0000000000081ea8                CMachineInfo::GetMachineName() const
                0x0000000000081ec0                CMachineInfo::GetModelMajor() const
                0x0000000000081ec8                CMachineInfo::GetModelRevision() const
                0x0000000000081ed0                CMachineInfo::GetSoCType() const
                0x0000000000081ed8                CMachineInfo::GetRAMSize() const
                0x0000000000081ee0                CMachineInfo::GetSoCName() const
                0x0000000000081ef8                CMachineInfo::GetRevisionRaw() const
                0x0000000000081f00                CMachineInfo::GetActLEDInfo() const
                0x0000000000081f18                CMachineInfo::GetClockRate(unsigned int) const
                0x000000000008203c                CMachineInfo::GetGPIOPin(TGPIOVirtualPin) const
                0x00000000000820c4                CMachineInfo::GetGPIOClockSourceRate(unsigned int)
                0x0000000000082120                CMachineInfo::GetDevice(TDeviceId) const
                0x0000000000082160                CMachineInfo::AllocateDMAChannel(unsigned int)
                0x0000000000082280                CMachineInfo::FreeDMAChannel(unsigned int)
                0x0000000000082358                CMachineInfo::Get()
 *fill*         0x000000000008239c        0x4 
 .text          0x00000000000823a0      0x12c ../../aarch/rasp4/lib/libcircle.a(sysinit.o)
                0x00000000000823a0                __aeabi_atexit
                0x00000000000823b0                __cxa_atexit
                0x00000000000823c0                __errno
                0x00000000000823d0                halt
                0x00000000000823f0                reboot
                0x0000000000082420                sysinit
 *fill*         0x00000000000824cc        0x4 
 .text          0x00000000000824d0      0xf84 ../../aarch/rasp4/lib/libcircle.a(timer.o)
                0x0000000000082520                CTimer::CTimer(CInterruptSystem*)
                0x0000000000082520                CTimer::CTimer(CInterruptSystem*)
                0x00000000000825b0                CTimer::~CTimer()
                0x00000000000825b0                CTimer::~CTimer()
                0x00000000000826b0                CTimer::SetTimeZone(int)
                0x00000000000826e0                CTimer::GetTimeZone() const
                0x00000000000826f0                CTimer::SetTime(unsigned int, bool)
                0x0000000000082790                CTimer::GetClockTicks()
                0x00000000000827b0                CTimer::GetTicks() const
                0x00000000000827c0                CTimer::GetUptime() const
                0x00000000000827d0                CTimer::GetTime() const
                0x00000000000827e0                CTimer::GetLocalTime(unsigned int*, unsigned int*)
                0x00000000000828b0                CTimer::GetUniversalTime() const
                0x00000000000828d0                CTimer::GetUniversalTime(unsigned int*, unsigned int*)
                0x00000000000829c0                CTimer::GetTimeString()
                0x0000000000082be0                CTimer::StartKernelTimer(unsigned int, void (*)(unsigned long, void*, void*), void*, void*)
                0x0000000000082da0                CTimer::CancelKernelTimer(unsigned long)
                0x0000000000082e80                CTimer::PollKernelTimers()
                0x0000000000083000                CTimer::InterruptHandler()
                0x00000000000830e0                CTimer::InterruptHandler(void*)
                0x0000000000083120                CTimer::TuneMsDelay()
                0x00000000000831d0                CTimer::Initialize()
                0x00000000000832b0                CTimer::RegisterPeriodicHandler(void (*)())
                0x0000000000083320                CTimer::SimpleMsDelay(unsigned int)
                0x0000000000083340                CTimer::SimpleusDelay(unsigned int)
                0x0000000000083350                CTimer::IsLeapYear(unsigned int)
                0x00000000000833a0                CTimer::GetDaysOfMonth(unsigned int, unsigned int)
                0x0000000000083410                CTimer::Get()
 *fill*         0x0000000000083454        0xc 
 .text          0x0000000000083460      0x2d0 ../../aarch/rasp4/lib/libcircle.a(virtualgpiopin.o)
                0x0000000000083460                CVirtualGPIOPin::CVirtualGPIOPin(unsigned int, bool)
                0x0000000000083460                CVirtualGPIOPin::CVirtualGPIOPin(unsigned int, bool)
                0x00000000000835b0                CVirtualGPIOPin::~CVirtualGPIOPin()
                0x00000000000835b0                CVirtualGPIOPin::~CVirtualGPIOPin()
                0x00000000000835c0                CVirtualGPIOPin::~CVirtualGPIOPin()
                0x00000000000835d0                CVirtualGPIOPin::Write(unsigned int)
                0x0000000000083700                CVirtualGPIOPin::Invert()
 .text.startup  0x0000000000083730        0xc ../../aarch/rasp4/lib/libcircle.a(virtualgpiopin.o)
 *fill*         0x000000000008373c        0x4 
 .text          0x0000000000083740       0xcc ../../aarch/rasp4/lib/libcircle.a(chainboot.o)
                0x0000000000083790                EnableChainBoot
                0x00000000000837d0                IsChainBootEnabled
                0x00000000000837f0                DoChainBoot
 *fill*         0x000000000008380c        0x4 
 .text          0x0000000000083810      0x2fc ../../aarch/rasp4/lib/libcircle.a(memory64.o)
                0x0000000000083810                CMemorySystem::CMemorySystem(bool)
                0x0000000000083810                CMemorySystem::CMemorySystem(bool)
                0x0000000000083900                CMemorySystem::~CMemorySystem()
                0x0000000000083900                CMemorySystem::~CMemorySystem()
                0x0000000000083930                CMemorySystem::Destructor()
                0x0000000000083960                CMemorySystem::GetMemSize() const
                0x00000000000839b0                CMemorySystem::Get()
                0x0000000000083a00                CMemorySystem::EnableMMU()
                0x0000000000083ac0                CMemorySystem::GetCoherentPage(unsigned int)
 .text          0x0000000000083b0c        0x0 ../../aarch/rasp4/lib/libcircle.a(startup64.o)
 *fill*         0x0000000000083b0c        0x4 
 .text          0x0000000000083b10      0x4d8 ../../aarch/rasp4/lib/libcircle.a(synchronize64.o)
                0x0000000000083b10                CurrentExecutionLevel
                0x0000000000083b30                EnterCritical
                0x0000000000083c10                LeaveCritical
                0x0000000000083c80                InvalidateDataCache
                0x0000000000083dc0                InvalidateDataCacheL1Only
                0x0000000000083df0                CleanDataCache
                0x0000000000083f30                InvalidateDataCacheRange
                0x0000000000083f70                CleanDataCacheRange
                0x0000000000083fb0                CleanAndInvalidateDataCacheRange
 .text          0x0000000000083fe8      0x4a0 ../../aarch/rasp4/lib/libcircle.a(translationtable64.o)
                0x0000000000083fe8                CTranslationTable::CTranslationTable(unsigned long)
                0x0000000000083fe8                CTranslationTable::CTranslationTable(unsigned long)
                0x00000000000841f8                CTranslationTable::~CTranslationTable()
                0x00000000000841f8                CTranslationTable::~CTranslationTable()
                0x0000000000084200                CTranslationTable::GetBaseAddress() const
                0x0000000000084244                CTranslationTable::CreateLevel3Table(unsigned long)
 *fill*         0x0000000000084488        0x8 
 .text          0x0000000000084490      0x694 ../../aarch/rasp4/lib/libcircle.a(interruptgic.o)
                0x0000000000084490                CInterruptSystem::CInterruptSystem()
                0x0000000000084490                CInterruptSystem::CInterruptSystem()
                0x00000000000844c0                CInterruptSystem::~CInterruptSystem()
                0x00000000000844c0                CInterruptSystem::~CInterruptSystem()
                0x00000000000844e0                CInterruptSystem::Initialize()
                0x00000000000845a0                CInterruptSystem::DisconnectFIQ()
                0x00000000000845f0                CInterruptSystem::EnableIRQ(unsigned int)
                0x0000000000084650                CInterruptSystem::ConnectIRQ(unsigned int, void (*)(void*), void*)
                0x00000000000846f0                CInterruptSystem::DisableIRQ(unsigned int)
                0x0000000000084750                CInterruptSystem::DisconnectIRQ(unsigned int)
                0x00000000000847e0                CInterruptSystem::EnableFIQ(unsigned int)
                0x0000000000084810                CInterruptSystem::ConnectFIQ(unsigned int, void (*)(void*), void*)
                0x00000000000848d0                CInterruptSystem::DisableFIQ()
                0x00000000000848e0                CInterruptSystem::Get()
                0x0000000000084930                CInterruptSystem::CallIRQHandler(unsigned int)
                0x00000000000849b0                CInterruptSystem::InterruptHandler()
                0x0000000000084a60                InterruptHandler
                0x0000000000084a70                CInterruptSystem::InitializeSecondary()
                0x0000000000084aa0                CInterruptSystem::SendIPI(unsigned int, unsigned int)
 *fill*         0x0000000000084b24        0xc 
 .text          0x0000000000084b30       0x54 ../../aarch/rasp4/lib/libcircle.a(new.o)
                0x0000000000084b30                operator new(unsigned long)
                0x0000000000084b40                operator new[](unsigned long)
                0x0000000000084b50                operator delete(void*)
                0x0000000000084b60                operator delete[](void*)
                0x0000000000084b70                operator delete(void*, unsigned long)
                0x0000000000084b80                operator delete[](void*, unsigned long)
 *fill*         0x0000000000084b84        0xc 
 .text          0x0000000000084b90      0x5b0 ../../aarch/rasp4/lib/libcircle.a(alloc.o)
                0x0000000000084b90                mem_init
                0x0000000000084bd0                mem_get_size
                0x0000000000084c00                malloc
                0x0000000000084dc0                free
                0x0000000000084eb0                calloc
                0x0000000000084f20                realloc
                0x0000000000084fe0                palloc
                0x00000000000850c0                pfree
 .text.startup  0x0000000000085140       0x18 ../../aarch/rasp4/lib/libcircle.a(alloc.o)
 *fill*         0x0000000000085158        0x8 
 .text          0x0000000000085160       0x9c ../../aarch/rasp4/lib/libcircle.a(assert.o)
                0x0000000000085160                assertion_failed
 *fill*         0x00000000000851fc        0x4 
 .text          0x0000000000085200      0x1f8 ../../aarch/rasp4/lib/libcircle.a(bcmpropertytags.o)
                0x0000000000085200                CBcmPropertyTags::CBcmPropertyTags(bool)
                0x0000000000085200                CBcmPropertyTags::CBcmPropertyTags(bool)
                0x0000000000085210                CBcmPropertyTags::~CBcmPropertyTags()
                0x0000000000085210                CBcmPropertyTags::~CBcmPropertyTags()
                0x0000000000085220                CBcmPropertyTags::GetTag(unsigned int, void*, unsigned int, unsigned int)
                0x00000000000852d0                CBcmPropertyTags::GetTags(void*, unsigned int)
 *fill*         0x00000000000853f8        0x8 
 .text          0x0000000000085400      0x1d8 ../../aarch/rasp4/lib/libcircle.a(debug.o)
                0x0000000000085400                debug_hexdump(void const*, unsigned int, char const*)
                0x0000000000085530                debug_stacktrace(unsigned long const*, char const*)
 *fill*         0x00000000000855d8       0x28 
 .text          0x0000000000085600       0x14 ../../aarch/rasp4/lib/libcircle.a(delayloop.o)
                0x0000000000085600                DelayLoop
 *fill*         0x0000000000085614        0xc 
 .text          0x0000000000085620      0x400 ../../aarch/rasp4/lib/libcircle.a(gpiomanager.o)
                0x0000000000085620                CGPIOManager::CGPIOManager(CInterruptSystem*)
                0x0000000000085620                CGPIOManager::CGPIOManager(CInterruptSystem*)
                0x0000000000085640                CGPIOManager::~CGPIOManager()
                0x0000000000085640                CGPIOManager::~CGPIOManager()
                0x0000000000085700                CGPIOManager::Initialize()
                0x0000000000085790                CGPIOManager::ConnectInterrupt(CGPIOPin*)
                0x0000000000085860                CGPIOManager::DisconnectInterrupt(CGPIOPin*)
                0x0000000000085920                CGPIOManager::InterruptHandler()
                0x00000000000859e0                CGPIOManager::InterruptStub(void*)
 .text          0x0000000000085a20      0x878 ../../aarch/rasp4/lib/libcircle.a(logger.o)
                0x0000000000085a20                CLogger::CLogger(unsigned int, CTimer*)
                0x0000000000085a20                CLogger::CLogger(unsigned int, CTimer*)
                0x0000000000085a70                CLogger::~CLogger()
                0x0000000000085a70                CLogger::~CLogger()
                0x0000000000085af0                CLogger::Initialize(CDevice*)
                0x0000000000085b40                CLogger::Write(char const*, TLogSeverity, char const*, ...)
                0x0000000000085bc0                CLogger::WriteV(char const*, TLogSeverity, char const*, std::__va_list)
                0x0000000000085d60                CLogger::WriteNoAlloc(char const*, TLogSeverity, char const*)
                0x0000000000085e50                CLogger::Get()
                0x0000000000085e60                CLogger::Write(char const*)
                0x0000000000085f20                CLogger::Read(void*, unsigned int)
                0x0000000000085ff0                CLogger::WriteEvent(char const*, TLogSeverity, char const*)
                0x0000000000086160                CLogger::ReadEvent(TLogSeverity*, char*, char*, long*, unsigned int*, int*)
                0x0000000000086280                CLogger::RegisterEventNotificationHandler(void (*)())
                0x0000000000086290                CLogger::RegisterPanicHandler(void (*)())
 *fill*         0x0000000000086298        0x8 
 .text          0x00000000000862a0      0x5dc ../../aarch/rasp4/lib/libcircle.a(ptrlist.o)
                0x00000000000862a0                CPtrList::CPtrList()
                0x00000000000862a0                CPtrList::CPtrList()
                0x00000000000862b0                CPtrList::~CPtrList()
                0x00000000000862b0                CPtrList::~CPtrList()
                0x00000000000862e0                CPtrList::GetFirst()
                0x00000000000862f0                CPtrList::GetNext(TPtrListElement*)
                0x0000000000086360                CPtrList::GetPtr(TPtrListElement*)
                0x00000000000863d0                CPtrList::InsertBefore(TPtrListElement*, void*)
                0x0000000000086510                CPtrList::InsertAfter(TPtrListElement*, void*)
                0x0000000000086640                CPtrList::Remove(TPtrListElement*)
                0x00000000000867d0                CPtrList::Find(void*)
 *fill*         0x000000000008687c        0x4 
 .text          0x0000000000086880     0x13d8 ../../aarch/rasp4/lib/libcircle.a(string.o)
                0x0000000000086880                CString::~CString()
                0x0000000000086880                CString::~CString()
                0x00000000000868a0                CString::~CString()
                0x0000000000086970                CString::CString()
                0x0000000000086970                CString::CString()
                0x0000000000086990                CString::CString(char const*)
                0x0000000000086990                CString::CString(char const*)
                0x00000000000869e0                CString::operator char const*() const
                0x0000000000086a00                CString::operator=(char const*)
                0x0000000000086a60                CString::operator=(CString const&)
                0x0000000000086ad0                CString::GetLength() const
                0x0000000000086af0                CString::Append(char const*)
                0x0000000000086ba0                CString::Compare(char const*) const
                0x0000000000086bb0                CString::Find(char) const
                0x0000000000086c00                CString::PutChar(char, unsigned long)
                0x0000000000086c60                CString::PutString(char const*)
                0x0000000000086cc0                CString::Replace(char const*, char const*)
                0x0000000000086e70                CString::ReserveSpace(unsigned long)
                0x0000000000086e80                CString::ntoa(char*, unsigned long, unsigned int, bool)
                0x0000000000086f20                CString::ftoa(char*, double, unsigned int)
                0x0000000000087180                CString::FormatV(char const*, std::__va_list)
                0x0000000000087be0                CString::Format(char const*, ...)
 *fill*         0x0000000000087c58        0x8 
 .text          0x0000000000087c60      0x658 ../../aarch/rasp4/lib/libcircle.a(util.o)
                0x0000000000087c60                memset
                0x0000000000087cd0                memmove
                0x0000000000087d10                memcmp
                0x0000000000087d70                strlen
                0x0000000000087da0                strcmp
                0x0000000000087e10                strcasecmp
                0x0000000000087e90                strncmp
                0x0000000000087f20                strcpy
                0x0000000000087f50                strncpy
                0x0000000000087f90                strcat
                0x0000000000087fd0                strchr
                0x0000000000088000                strstr
                0x0000000000088060                strtok_r
                0x0000000000088120                strtoul
                0x00000000000882b0                char2int
 .text          0x00000000000882b8       0x60 ../../aarch/rasp4/lib/libcircle.a(util_fast.o)
                0x00000000000882b8                memcpy
 *fill*         0x0000000000088318      0x4e8 
 .text          0x0000000000088800      0x9a8 ../../aarch/rasp4/lib/libcircle.a(exceptionstub64.o)
                0x0000000000088800                VectorTable
                0x0000000000088f84                UnexpectedStub
                0x0000000000088fbc                SynchronousStub
                0x0000000000088ff4                SErrorStub
                0x000000000008902c                IRQStub
                0x00000000000890d4                FIQStub
 *fill*         0x00000000000891a8        0x8 
 .text          0x00000000000891b0      0x224 ../../aarch/rasp4/lib/libcircle.a(bcmmailbox.o)
                0x00000000000891b0                CBcmMailBox::CBcmMailBox(unsigned int, bool)
                0x00000000000891b0                CBcmMailBox::CBcmMailBox(unsigned int, bool)
                0x00000000000891c0                CBcmMailBox::~CBcmMailBox()
                0x00000000000891c0                CBcmMailBox::~CBcmMailBox()
                0x00000000000891d0                CBcmMailBox::Flush()
                0x0000000000089220                CBcmMailBox::Read()
                0x0000000000089260                CBcmMailBox::Write(unsigned int)
                0x00000000000892f0                CBcmMailBox::WriteRead(unsigned int)
 *fill*         0x00000000000893d4        0xc 
 .text.startup  0x00000000000893e0        0xc ../../aarch/rasp4/lib/libcircle.a(bcmmailbox.o)
 *fill*         0x00000000000893ec        0x4 
 .text          0x00000000000893f0      0x214 ../../aarch/rasp4/lib/libcircle.a(exceptionhandler64.o)
                0x00000000000893f0                CExceptionHandler::CExceptionHandler()
                0x00000000000893f0                CExceptionHandler::CExceptionHandler()
                0x0000000000089440                CExceptionHandler::~CExceptionHandler()
                0x0000000000089440                CExceptionHandler::~CExceptionHandler()
                0x0000000000089450                CExceptionHandler::Throw(unsigned int, TAbortFrame*)
                0x0000000000089550                CExceptionHandler::Get()
                0x00000000000895a0                ExceptionHandler
                0x0000000000089604                _etext = .

.iplt           0x0000000000089604        0x0
 .iplt          0x0000000000089604        0x0 main.o

.rodata         0x0000000000089608     0x1020
 *(.rodata*)
 .rodata._ZTV8CGPIOPin
                0x0000000000089608       0x20 ../../aarch/rasp4/lib/libcircle.a(gpiopin.o)
                0x0000000000089608                vtable for CGPIOPin
 .rodata        0x0000000000089628      0x311 ../../aarch/rasp4/lib/libcircle.a(gpiopin.o)
 *fill*         0x0000000000089939        0x7 
 .rodata        0x0000000000089940      0x1f7 ../../aarch/rasp4/lib/libcircle.a(machineinfo.o)
 *fill*         0x0000000000089b37        0x1 
 .rodata        0x0000000000089b38       0x36 ../../aarch/rasp4/lib/libcircle.a(timer.o)
                0x0000000000089b38                CTimer::s_nDaysOfMonth
 *fill*         0x0000000000089b6e        0x2 
 .rodata.str1.8
                0x0000000000089b70      0x1e4 ../../aarch/rasp4/lib/libcircle.a(timer.o)
                                        0x1f4 (size before relaxing)
 *fill*         0x0000000000089d54        0x4 
 .rodata._ZTV15CVirtualGPIOPin
                0x0000000000089d58       0x20 ../../aarch/rasp4/lib/libcircle.a(virtualgpiopin.o)
                0x0000000000089d58                vtable for CVirtualGPIOPin
 .rodata        0x0000000000089d78       0x24 ../../aarch/rasp4/lib/libcircle.a(virtualgpiopin.o)
 *fill*         0x0000000000089d9c        0x4 
 .rodata.str1.8
                0x0000000000089da0       0x59 ../../aarch/rasp4/lib/libcircle.a(memory64.o)
                                         0x69 (size before relaxing)
 *fill*         0x0000000000089df9        0x7 
 .rodata.str1.8
                0x0000000000089e00       0xbd ../../aarch/rasp4/lib/libcircle.a(synchronize64.o)
 *fill*         0x0000000000089ebd        0x3 
 .rodata.str1.8
                0x0000000000089ec0       0x34 ../../aarch/rasp4/lib/libcircle.a(translationtable64.o)
 *fill*         0x0000000000089ef4        0x4 
 .rodata.str1.8
                0x0000000000089ef8      0x113 ../../aarch/rasp4/lib/libcircle.a(interruptgic.o)
                                        0x133 (size before relaxing)
 *fill*         0x000000000008a00b        0x5 
 .rodata.str1.8
                0x000000000008a010       0xec ../../aarch/rasp4/lib/libcircle.a(alloc.o)
 *fill*         0x000000000008a0fc        0x4 
 .rodata.str1.8
                0x000000000008a100       0x1d ../../aarch/rasp4/lib/libcircle.a(assert.o)
 *fill*         0x000000000008a11d        0x3 
 .rodata        0x000000000008a120       0xa7 ../../aarch/rasp4/lib/libcircle.a(bcmpropertytags.o)
 *fill*         0x000000000008a1c7        0x1 
 .rodata        0x000000000008a1c8        0x6 ../../aarch/rasp4/lib/libcircle.a(debug.o)
 *fill*         0x000000000008a1ce        0x2 
 .rodata.str1.8
                0x000000000008a1d0       0x93 ../../aarch/rasp4/lib/libcircle.a(debug.o)
 *fill*         0x000000000008a263        0x5 
 .rodata.str1.8
                0x000000000008a268       0xb4 ../../aarch/rasp4/lib/libcircle.a(gpiomanager.o)
 *fill*         0x000000000008a31c        0x4 
 .rodata        0x000000000008a320       0x52 ../../aarch/rasp4/lib/libcircle.a(logger.o)
 *fill*         0x000000000008a372        0x6 
 .rodata.str1.8
                0x000000000008a378      0x192 ../../aarch/rasp4/lib/libcircle.a(ptrlist.o)
 *fill*         0x000000000008a50a        0x6 
 .rodata._ZTV7CString
                0x000000000008a510       0x20 ../../aarch/rasp4/lib/libcircle.a(string.o)
                0x000000000008a510                vtable for CString
 .rodata.str1.8
                0x000000000008a530        0x9 ../../aarch/rasp4/lib/libcircle.a(string.o)
                                         0x11 (size before relaxing)
 *fill*         0x000000000008a539        0x7 
 .rodata.str1.8
                0x000000000008a540       0x23 ../../aarch/rasp4/lib/libcircle.a(bcmmailbox.o)
 *fill*         0x000000000008a563        0x5 
 .rodata        0x000000000008a568        0x7 ../../aarch/rasp4/lib/libcircle.a(exceptionhandler64.o)
 *fill*         0x000000000008a56f        0x1 
 .rodata.str1.8
                0x000000000008a570       0xb8 ../../aarch/rasp4/lib/libcircle.a(exceptionhandler64.o)
                                         0xd5 (size before relaxing)

.rela.dyn       0x000000000008a628        0x0
 .rela.iplt     0x000000000008a628        0x0 main.o
 .rela.text     0x000000000008a628        0x0 main.o

.init_array     0x000000000008a628       0x20
                0x000000000008a628                __init_start = .
 *(.init_array*)
 .init_array    0x000000000008a628        0x8 ../../aarch/rasp4/lib/libcircle.a(gpiopin.o)
 .init_array    0x000000000008a630        0x8 ../../aarch/rasp4/lib/libcircle.a(virtualgpiopin.o)
 .init_array    0x000000000008a638        0x8 ../../aarch/rasp4/lib/libcircle.a(alloc.o)
 .init_array    0x000000000008a640        0x8 ../../aarch/rasp4/lib/libcircle.a(bcmmailbox.o)
                0x000000000008a648                __init_end = .

.ARM.exidx      0x000000000008a648        0x0
                0x000000000008a648                __exidx_start = .
 *(.ARM.exidx*)
                0x000000000008a648                __exidx_end = .

.eh_frame
 *(.eh_frame*)

.data           0x000000000008a648      0x3c8
 *(.data*)
 .data          0x000000000008a648        0x0 main.o
 .data          0x000000000008a648        0x0 kernel.o
 .data          0x000000000008a648        0x0 ../../aarch/rasp4/lib/libcircle.a(actled.o)
 .data          0x000000000008a648        0x0 ../../aarch/rasp4/lib/libcircle.a(gpiopin.o)
 .data          0x000000000008a648      0x2ac ../../aarch/rasp4/lib/libcircle.a(machineinfo.o)
 .data          0x000000000008a8f4        0x0 ../../aarch/rasp4/lib/libcircle.a(sysinit.o)
 *fill*         0x000000000008a8f4        0x4 
 .data          0x000000000008a8f8       0x60 ../../aarch/rasp4/lib/libcircle.a(timer.o)
                0x000000000008a8f8                CTimer::s_pMonthName
 .data          0x000000000008a958        0x0 ../../aarch/rasp4/lib/libcircle.a(virtualgpiopin.o)
 .data          0x000000000008a958        0x0 ../../aarch/rasp4/lib/libcircle.a(chainboot.o)
 .data          0x000000000008a958        0x0 ../../aarch/rasp4/lib/libcircle.a(memory64.o)
 .data          0x000000000008a958        0x0 ../../aarch/rasp4/lib/libcircle.a(startup64.o)
 .data          0x000000000008a958        0x0 ../../aarch/rasp4/lib/libcircle.a(synchronize64.o)
 .data          0x000000000008a958        0x0 ../../aarch/rasp4/lib/libcircle.a(translationtable64.o)
 .data          0x000000000008a958        0x0 ../../aarch/rasp4/lib/libcircle.a(interruptgic.o)
 .data          0x000000000008a958        0x0 ../../aarch/rasp4/lib/libcircle.a(new.o)
 .data          0x000000000008a958       0x84 ../../aarch/rasp4/lib/libcircle.a(alloc.o)
 .data          0x000000000008a9dc        0x0 ../../aarch/rasp4/lib/libcircle.a(assert.o)
 .data          0x000000000008a9dc        0x0 ../../aarch/rasp4/lib/libcircle.a(bcmpropertytags.o)
 .data          0x000000000008a9dc        0x0 ../../aarch/rasp4/lib/libcircle.a(debug.o)
 .data          0x000000000008a9dc        0x0 ../../aarch/rasp4/lib/libcircle.a(delayloop.o)
 .data          0x000000000008a9dc        0x0 ../../aarch/rasp4/lib/libcircle.a(gpiomanager.o)
 .data          0x000000000008a9dc        0x0 ../../aarch/rasp4/lib/libcircle.a(logger.o)
 .data          0x000000000008a9dc        0x0 ../../aarch/rasp4/lib/libcircle.a(ptrlist.o)
 .data          0x000000000008a9dc        0x0 ../../aarch/rasp4/lib/libcircle.a(string.o)
 .data          0x000000000008a9dc        0x0 ../../aarch/rasp4/lib/libcircle.a(util.o)
 .data          0x000000000008a9dc        0x0 ../../aarch/rasp4/lib/libcircle.a(util_fast.o)
 *fill*         0x000000000008a9dc        0x4 
 .data          0x000000000008a9e0       0x14 ../../aarch/rasp4/lib/libcircle.a(exceptionstub64.o)
                0x000000000008a9e0                FIQData
 .data          0x000000000008a9f4        0x0 ../../aarch/rasp4/lib/libcircle.a(bcmmailbox.o)
 *fill*         0x000000000008a9f4        0x4 
 .data          0x000000000008a9f8       0x18 ../../aarch/rasp4/lib/libcircle.a(exceptionhandler64.o)
                0x000000000008a9f8                CExceptionHandler::s_pExceptionName

.igot.plt       0x000000000008aa10        0x0
 .igot.plt      0x000000000008aa10        0x0 main.o

.bss            0x000000000008aa10      0x108
                0x000000000008aa10                __bss_start = .
 *(.bss*)
 .bss           0x000000000008aa10        0x0 main.o
 .bss           0x000000000008aa10        0x0 kernel.o
 .bss           0x000000000008aa10        0x8 ../../aarch/rasp4/lib/libcircle.a(actled.o)
                0x000000000008aa10                CActLED::s_pThis
 .bss           0x000000000008aa18        0x4 ../../aarch/rasp4/lib/libcircle.a(gpiopin.o)
                0x000000000008aa18                CGPIOPin::s_SpinLock
 *fill*         0x000000000008aa1c        0x4 
 .bss           0x000000000008aa20        0x8 ../../aarch/rasp4/lib/libcircle.a(machineinfo.o)
                0x000000000008aa20                CMachineInfo::s_pThis
 .bss           0x000000000008aa28        0xc ../../aarch/rasp4/lib/libcircle.a(sysinit.o)
                0x000000000008aa28                __dso_handle
 *fill*         0x000000000008aa34        0x4 
 .bss           0x000000000008aa38        0x8 ../../aarch/rasp4/lib/libcircle.a(timer.o)
                0x000000000008aa38                CTimer::s_pThis
 .bss           0x000000000008aa40        0xc ../../aarch/rasp4/lib/libcircle.a(virtualgpiopin.o)
                0x000000000008aa40                CVirtualGPIOPin::s_nGPIOBaseAddress
                0x000000000008aa48                CVirtualGPIOPin::s_SpinLock
 *fill*         0x000000000008aa4c        0x4 
 .bss           0x000000000008aa50       0x10 ../../aarch/rasp4/lib/libcircle.a(chainboot.o)
 .bss           0x000000000008aa60        0x8 ../../aarch/rasp4/lib/libcircle.a(memory64.o)
                0x000000000008aa60                CMemorySystem::s_pThis
 .bss           0x000000000008aa68        0x0 ../../aarch/rasp4/lib/libcircle.a(startup64.o)
 .bss           0x000000000008aa68       0x58 ../../aarch/rasp4/lib/libcircle.a(synchronize64.o)
 .bss           0x000000000008aac0        0x0 ../../aarch/rasp4/lib/libcircle.a(translationtable64.o)
 .bss           0x000000000008aac0        0x8 ../../aarch/rasp4/lib/libcircle.a(interruptgic.o)
                0x000000000008aac0                CInterruptSystem::s_pThis
 .bss           0x000000000008aac8        0x0 ../../aarch/rasp4/lib/libcircle.a(new.o)
 .bss           0x000000000008aac8       0x38 ../../aarch/rasp4/lib/libcircle.a(alloc.o)
 .bss           0x000000000008ab00        0x0 ../../aarch/rasp4/lib/libcircle.a(assert.o)
 .bss           0x000000000008ab00        0x0 ../../aarch/rasp4/lib/libcircle.a(bcmpropertytags.o)
 .bss           0x000000000008ab00        0x0 ../../aarch/rasp4/lib/libcircle.a(debug.o)
 .bss           0x000000000008ab00        0x0 ../../aarch/rasp4/lib/libcircle.a(delayloop.o)
 .bss           0x000000000008ab00        0x0 ../../aarch/rasp4/lib/libcircle.a(gpiomanager.o)
 .bss           0x000000000008ab00        0x8 ../../aarch/rasp4/lib/libcircle.a(logger.o)
                0x000000000008ab00                CLogger::s_pThis
 .bss           0x000000000008ab08        0x0 ../../aarch/rasp4/lib/libcircle.a(ptrlist.o)
 .bss           0x000000000008ab08        0x0 ../../aarch/rasp4/lib/libcircle.a(string.o)
 .bss           0x000000000008ab08        0x0 ../../aarch/rasp4/lib/libcircle.a(util.o)
 .bss           0x000000000008ab08        0x0 ../../aarch/rasp4/lib/libcircle.a(util_fast.o)
 .bss           0x000000000008ab08        0x0 ../../aarch/rasp4/lib/libcircle.a(exceptionstub64.o)
 .bss           0x000000000008ab08        0x4 ../../aarch/rasp4/lib/libcircle.a(bcmmailbox.o)
                0x000000000008ab08                CBcmMailBox::s_SpinLock
 *fill*         0x000000000008ab0c        0x4 
 .bss           0x000000000008ab10        0x8 ../../aarch/rasp4/lib/libcircle.a(exceptionhandler64.o)
                0x000000000008ab10                CExceptionHandler::s_pThis
 *(COMMON)
                0x000000000008ab18                _end = .
LOAD main.o
LOAD kernel.o
START GROUP
LOAD ../../aarch/rasp4/lib/libcircle.a
LOAD /deps/bin/../lib/gcc/aarch64-elf/8.2.1/libgcc.a
LOAD /deps/bin/../lib/gcc/aarch64-elf/8.2.1/../../../../aarch64-elf/lib/libm.a
END GROUP
OUTPUT(kernel8-rpi4.elf elf64-littleaarch64)

.debug_info     0x0000000000000000    0x1aed5
 .debug_info    0x0000000000000000      0x847 main.o
 .debug_info    0x0000000000000847     0x1404 kernel.o
 .debug_info    0x0000000000001c4b     0x129f ../../aarch/rasp4/lib/libcircle.a(actled.o)
 .debug_info    0x0000000000002eea     0x277a ../../aarch/rasp4/lib/libcircle.a(gpiopin.o)
 .debug_info    0x0000000000005664     0x1114 ../../aarch/rasp4/lib/libcircle.a(machineinfo.o)
 .debug_info    0x0000000000006778      0x76c ../../aarch/rasp4/lib/libcircle.a(sysinit.o)
 .debug_info    0x0000000000006ee4     0x27db ../../aarch/rasp4/lib/libcircle.a(timer.o)
 .debug_info    0x00000000000096bf     0x115a ../../aarch/rasp4/lib/libcircle.a(virtualgpiopin.o)
 .debug_info    0x000000000000a819      0x29e ../../aarch/rasp4/lib/libcircle.a(chainboot.o)
 .debug_info    0x000000000000aab7      0xdf6 ../../aarch/rasp4/lib/libcircle.a(memory64.o)
 .debug_info    0x000000000000b8ad      0x576 ../../aarch/rasp4/lib/libcircle.a(synchronize64.o)
 .debug_info    0x000000000000be23      0x86d ../../aarch/rasp4/lib/libcircle.a(translationtable64.o)
 .debug_info    0x000000000000c690     0x1a63 ../../aarch/rasp4/lib/libcircle.a(interruptgic.o)
 .debug_info    0x000000000000e0f3      0x253 ../../aarch/rasp4/lib/libcircle.a(new.o)
 .debug_info    0x000000000000e346     0x1821 ../../aarch/rasp4/lib/libcircle.a(alloc.o)
 .debug_info    0x000000000000fb67      0xf1a ../../aarch/rasp4/lib/libcircle.a(assert.o)
 .debug_info    0x0000000000010a81      0xc71 ../../aarch/rasp4/lib/libcircle.a(bcmpropertytags.o)
 .debug_info    0x00000000000116f2      0xf5f ../../aarch/rasp4/lib/libcircle.a(debug.o)
 .debug_info    0x0000000000012651      0xb3a ../../aarch/rasp4/lib/libcircle.a(gpiomanager.o)
 .debug_info    0x000000000001318b     0x2139 ../../aarch/rasp4/lib/libcircle.a(logger.o)
 .debug_info    0x00000000000152c4      0x943 ../../aarch/rasp4/lib/libcircle.a(ptrlist.o)
 .debug_info    0x0000000000015c07     0x268d ../../aarch/rasp4/lib/libcircle.a(string.o)
 .debug_info    0x0000000000018294      0x883 ../../aarch/rasp4/lib/libcircle.a(util.o)
 .debug_info    0x0000000000018b17     0x114e ../../aarch/rasp4/lib/libcircle.a(bcmmailbox.o)
 .debug_info    0x0000000000019c65     0x1270 ../../aarch/rasp4/lib/libcircle.a(exceptionhandler64.o)

.debug_abbrev   0x0000000000000000     0x57e8
 .debug_abbrev  0x0000000000000000      0x293 main.o
 .debug_abbrev  0x0000000000000293      0x3bd kernel.o
 .debug_abbrev  0x0000000000000650      0x3fe ../../aarch/rasp4/lib/libcircle.a(actled.o)
 .debug_abbrev  0x0000000000000a4e      0x5d0 ../../aarch/rasp4/lib/libcircle.a(gpiopin.o)
 .debug_abbrev  0x000000000000101e      0x3f5 ../../aarch/rasp4/lib/libcircle.a(machineinfo.o)
 .debug_abbrev  0x0000000000001413      0x2d8 ../../aarch/rasp4/lib/libcircle.a(sysinit.o)
 .debug_abbrev  0x00000000000016eb      0x594 ../../aarch/rasp4/lib/libcircle.a(timer.o)
 .debug_abbrev  0x0000000000001c7f      0x4ac ../../aarch/rasp4/lib/libcircle.a(virtualgpiopin.o)
 .debug_abbrev  0x000000000000212b      0x16b ../../aarch/rasp4/lib/libcircle.a(chainboot.o)
 .debug_abbrev  0x0000000000002296      0x40f ../../aarch/rasp4/lib/libcircle.a(memory64.o)
 .debug_abbrev  0x00000000000026a5      0x161 ../../aarch/rasp4/lib/libcircle.a(synchronize64.o)
 .debug_abbrev  0x0000000000002806      0x2af ../../aarch/rasp4/lib/libcircle.a(translationtable64.o)
 .debug_abbrev  0x0000000000002ab5      0x579 ../../aarch/rasp4/lib/libcircle.a(interruptgic.o)
 .debug_abbrev  0x000000000000302e      0x115 ../../aarch/rasp4/lib/libcircle.a(new.o)
 .debug_abbrev  0x0000000000003143      0x4c6 ../../aarch/rasp4/lib/libcircle.a(alloc.o)
 .debug_abbrev  0x0000000000003609      0x2f5 ../../aarch/rasp4/lib/libcircle.a(assert.o)
 .debug_abbrev  0x00000000000038fe      0x2ff ../../aarch/rasp4/lib/libcircle.a(bcmpropertytags.o)
 .debug_abbrev  0x0000000000003bfd      0x2f0 ../../aarch/rasp4/lib/libcircle.a(debug.o)
 .debug_abbrev  0x0000000000003eed      0x377 ../../aarch/rasp4/lib/libcircle.a(gpiomanager.o)
 .debug_abbrev  0x0000000000004264      0x515 ../../aarch/rasp4/lib/libcircle.a(logger.o)
 .debug_abbrev  0x0000000000004779      0x1c9 ../../aarch/rasp4/lib/libcircle.a(ptrlist.o)
 .debug_abbrev  0x0000000000004942      0x46a ../../aarch/rasp4/lib/libcircle.a(string.o)
 .debug_abbrev  0x0000000000004dac      0x27a ../../aarch/rasp4/lib/libcircle.a(util.o)
 .debug_abbrev  0x0000000000005026      0x3f5 ../../aarch/rasp4/lib/libcircle.a(bcmmailbox.o)
 .debug_abbrev  0x000000000000541b      0x3cd ../../aarch/rasp4/lib/libcircle.a(exceptionhandler64.o)

.debug_loc      0x0000000000000000    0x14620
 .debug_loc     0x0000000000000000       0x3a main.o
 .debug_loc     0x000000000000003a      0x1d1 kernel.o
 .debug_loc     0x000000000000020b      0x557 ../../aarch/rasp4/lib/libcircle.a(actled.o)
 .debug_loc     0x0000000000000762     0x24bf ../../aarch/rasp4/lib/libcircle.a(gpiopin.o)
 .debug_loc     0x0000000000002c21      0x99d ../../aarch/rasp4/lib/libcircle.a(machineinfo.o)
 .debug_loc     0x00000000000035be       0xca ../../aarch/rasp4/lib/libcircle.a(sysinit.o)
 .debug_loc     0x0000000000003688     0x28e2 ../../aarch/rasp4/lib/libcircle.a(timer.o)
 .debug_loc     0x0000000000005f6a      0x623 ../../aarch/rasp4/lib/libcircle.a(virtualgpiopin.o)
 .debug_loc     0x000000000000658d      0x28a ../../aarch/rasp4/lib/libcircle.a(chainboot.o)
 .debug_loc     0x0000000000006817      0x552 ../../aarch/rasp4/lib/libcircle.a(memory64.o)
 .debug_loc     0x0000000000006d69      0xdcb ../../aarch/rasp4/lib/libcircle.a(synchronize64.o)
 .debug_loc     0x0000000000007b34      0x396 ../../aarch/rasp4/lib/libcircle.a(translationtable64.o)
 .debug_loc     0x0000000000007eca     0x107a ../../aarch/rasp4/lib/libcircle.a(interruptgic.o)
 .debug_loc     0x0000000000008f44       0xf4 ../../aarch/rasp4/lib/libcircle.a(new.o)
 .debug_loc     0x0000000000009038      0xf7f ../../aarch/rasp4/lib/libcircle.a(alloc.o)
 .debug_loc     0x0000000000009fb7      0x118 ../../aarch/rasp4/lib/libcircle.a(assert.o)
 .debug_loc     0x000000000000a0cf      0x718 ../../aarch/rasp4/lib/libcircle.a(bcmpropertytags.o)
 .debug_loc     0x000000000000a7e7      0x373 ../../aarch/rasp4/lib/libcircle.a(debug.o)
 .debug_loc     0x000000000000ab5a      0x750 ../../aarch/rasp4/lib/libcircle.a(gpiomanager.o)
 .debug_loc     0x000000000000b2aa     0x16cc ../../aarch/rasp4/lib/libcircle.a(logger.o)
 .debug_loc     0x000000000000c976      0x9da ../../aarch/rasp4/lib/libcircle.a(ptrlist.o)
 .debug_loc     0x000000000000d350     0x4e0e ../../aarch/rasp4/lib/libcircle.a(string.o)
 .debug_loc     0x000000000001215e     0x1aa3 ../../aarch/rasp4/lib/libcircle.a(util.o)
 .debug_loc     0x0000000000013c01      0x687 ../../aarch/rasp4/lib/libcircle.a(bcmmailbox.o)
 .debug_loc     0x0000000000014288      0x398 ../../aarch/rasp4/lib/libcircle.a(exceptionhandler64.o)

.debug_aranges  0x0000000000000000      0x4f0
 .debug_aranges
                0x0000000000000000       0x30 main.o
 .debug_aranges
                0x0000000000000030       0x30 kernel.o
 .debug_aranges
                0x0000000000000060       0x30 ../../aarch/rasp4/lib/libcircle.a(actled.o)
 .debug_aranges
                0x0000000000000090       0x40 ../../aarch/rasp4/lib/libcircle.a(gpiopin.o)
 .debug_aranges
                0x00000000000000d0       0x30 ../../aarch/rasp4/lib/libcircle.a(machineinfo.o)
 .debug_aranges
                0x0000000000000100       0x30 ../../aarch/rasp4/lib/libcircle.a(sysinit.o)
 .debug_aranges
                0x0000000000000130       0x30 ../../aarch/rasp4/lib/libcircle.a(timer.o)
 .debug_aranges
                0x0000000000000160       0x40 ../../aarch/rasp4/lib/libcircle.a(virtualgpiopin.o)
 .debug_aranges
                0x00000000000001a0       0x30 ../../aarch/rasp4/lib/libcircle.a(chainboot.o)
 .debug_aranges
                0x00000000000001d0       0x30 ../../aarch/rasp4/lib/libcircle.a(memory64.o)
 .debug_aranges
                0x0000000000000200       0x30 ../../aarch/rasp4/lib/libcircle.a(synchronize64.o)
 .debug_aranges
                0x0000000000000230       0x30 ../../aarch/rasp4/lib/libcircle.a(translationtable64.o)
 .debug_aranges
                0x0000000000000260       0x30 ../../aarch/rasp4/lib/libcircle.a(interruptgic.o)
 .debug_aranges
                0x0000000000000290       0x30 ../../aarch/rasp4/lib/libcircle.a(new.o)
 .debug_aranges
                0x00000000000002c0       0x40 ../../aarch/rasp4/lib/libcircle.a(alloc.o)
 .debug_aranges
                0x0000000000000300       0x30 ../../aarch/rasp4/lib/libcircle.a(assert.o)
 .debug_aranges
                0x0000000000000330       0x30 ../../aarch/rasp4/lib/libcircle.a(bcmpropertytags.o)
 .debug_aranges
                0x0000000000000360       0x30 ../../aarch/rasp4/lib/libcircle.a(debug.o)
 .debug_aranges
                0x0000000000000390       0x30 ../../aarch/rasp4/lib/libcircle.a(gpiomanager.o)
 .debug_aranges
                0x00000000000003c0       0x30 ../../aarch/rasp4/lib/libcircle.a(logger.o)
 .debug_aranges
                0x00000000000003f0       0x30 ../../aarch/rasp4/lib/libcircle.a(ptrlist.o)
 .debug_aranges
                0x0000000000000420       0x30 ../../aarch/rasp4/lib/libcircle.a(string.o)
 .debug_aranges
                0x0000000000000450       0x30 ../../aarch/rasp4/lib/libcircle.a(util.o)
 .debug_aranges
                0x0000000000000480       0x40 ../../aarch/rasp4/lib/libcircle.a(bcmmailbox.o)
 .debug_aranges
                0x00000000000004c0       0x30 ../../aarch/rasp4/lib/libcircle.a(exceptionhandler64.o)

.debug_ranges   0x0000000000000000     0x2720
 .debug_ranges  0x0000000000000000       0x20 main.o
 .debug_ranges  0x0000000000000020       0x90 ../../aarch/rasp4/lib/libcircle.a(actled.o)
 .debug_ranges  0x00000000000000b0      0x6d0 ../../aarch/rasp4/lib/libcircle.a(gpiopin.o)
 .debug_ranges  0x0000000000000780       0x50 ../../aarch/rasp4/lib/libcircle.a(machineinfo.o)
 .debug_ranges  0x00000000000007d0       0x60 ../../aarch/rasp4/lib/libcircle.a(sysinit.o)
 .debug_ranges  0x0000000000000830      0x730 ../../aarch/rasp4/lib/libcircle.a(timer.o)
 .debug_ranges  0x0000000000000f60      0x1e0 ../../aarch/rasp4/lib/libcircle.a(virtualgpiopin.o)
 .debug_ranges  0x0000000000001140       0xb0 ../../aarch/rasp4/lib/libcircle.a(memory64.o)
 .debug_ranges  0x00000000000011f0      0x120 ../../aarch/rasp4/lib/libcircle.a(synchronize64.o)
 .debug_ranges  0x0000000000001310      0x330 ../../aarch/rasp4/lib/libcircle.a(interruptgic.o)
 .debug_ranges  0x0000000000001640      0x300 ../../aarch/rasp4/lib/libcircle.a(alloc.o)
 .debug_ranges  0x0000000000001940       0x80 ../../aarch/rasp4/lib/libcircle.a(debug.o)
 .debug_ranges  0x00000000000019c0      0x110 ../../aarch/rasp4/lib/libcircle.a(gpiomanager.o)
 .debug_ranges  0x0000000000001ad0      0x2a0 ../../aarch/rasp4/lib/libcircle.a(logger.o)
 .debug_ranges  0x0000000000001d70      0x5a0 ../../aarch/rasp4/lib/libcircle.a(string.o)
 .debug_ranges  0x0000000000002310       0xd0 ../../aarch/rasp4/lib/libcircle.a(util.o)
 .debug_ranges  0x00000000000023e0      0x310 ../../aarch/rasp4/lib/libcircle.a(bcmmailbox.o)
 .debug_ranges  0x00000000000026f0       0x30 ../../aarch/rasp4/lib/libcircle.a(exceptionhandler64.o)

.debug_line     0x0000000000000000     0x7920
 .debug_line    0x0000000000000000       0xfd main.o
 .debug_line    0x00000000000000fd      0x1fb kernel.o
 .debug_line    0x00000000000002f8      0x258 ../../aarch/rasp4/lib/libcircle.a(actled.o)
 .debug_line    0x0000000000000550      0xe4c ../../aarch/rasp4/lib/libcircle.a(gpiopin.o)
 .debug_line    0x000000000000139c      0x5e7 ../../aarch/rasp4/lib/libcircle.a(machineinfo.o)
 .debug_line    0x0000000000001983      0x1d1 ../../aarch/rasp4/lib/libcircle.a(sysinit.o)
 .debug_line    0x0000000000001b54      0xe53 ../../aarch/rasp4/lib/libcircle.a(timer.o)
 .debug_line    0x00000000000029a7      0x3b4 ../../aarch/rasp4/lib/libcircle.a(virtualgpiopin.o)
 .debug_line    0x0000000000002d5b      0x135 ../../aarch/rasp4/lib/libcircle.a(chainboot.o)
 .debug_line    0x0000000000002e90      0x2fd ../../aarch/rasp4/lib/libcircle.a(memory64.o)
 .debug_line    0x000000000000318d      0x427 ../../aarch/rasp4/lib/libcircle.a(synchronize64.o)
 .debug_line    0x00000000000035b4      0x2ff ../../aarch/rasp4/lib/libcircle.a(translationtable64.o)
 .debug_line    0x00000000000038b3      0x701 ../../aarch/rasp4/lib/libcircle.a(interruptgic.o)
 .debug_line    0x0000000000003fb4       0x9f ../../aarch/rasp4/lib/libcircle.a(new.o)
 .debug_line    0x0000000000004053      0x659 ../../aarch/rasp4/lib/libcircle.a(alloc.o)
 .debug_line    0x00000000000046ac      0x134 ../../aarch/rasp4/lib/libcircle.a(assert.o)
 .debug_line    0x00000000000047e0      0x22d ../../aarch/rasp4/lib/libcircle.a(bcmpropertytags.o)
 .debug_line    0x0000000000004a0d      0x194 ../../aarch/rasp4/lib/libcircle.a(debug.o)
 .debug_line    0x0000000000004ba1      0x300 ../../aarch/rasp4/lib/libcircle.a(gpiomanager.o)
 .debug_line    0x0000000000004ea1      0x837 ../../aarch/rasp4/lib/libcircle.a(logger.o)
 .debug_line    0x00000000000056d8      0x347 ../../aarch/rasp4/lib/libcircle.a(ptrlist.o)
 .debug_line    0x0000000000005a1f     0x11d7 ../../aarch/rasp4/lib/libcircle.a(string.o)
 .debug_line    0x0000000000006bf6      0x721 ../../aarch/rasp4/lib/libcircle.a(util.o)
 .debug_line    0x0000000000007317      0x3da ../../aarch/rasp4/lib/libcircle.a(bcmmailbox.o)
 .debug_line    0x00000000000076f1      0x22f ../../aarch/rasp4/lib/libcircle.a(exceptionhandler64.o)

.debug_str      0x0000000000000000     0x3903
 .debug_str     0x0000000000000000      0x62e main.o
                                        0x6bf (size before relaxing)
 .debug_str     0x000000000000062e      0xbd2 kernel.o
                                       0x12ff (size before relaxing)
 .debug_str     0x0000000000001200      0x641 ../../aarch/rasp4/lib/libcircle.a(actled.o)
                                       0x1370 (size before relaxing)
 .debug_str     0x0000000000001841      0x7b7 ../../aarch/rasp4/lib/libcircle.a(gpiopin.o)
                                       0x1488 (size before relaxing)
 .debug_str     0x0000000000001ff8      0x31a ../../aarch/rasp4/lib/libcircle.a(machineinfo.o)
                                        0xb42 (size before relaxing)
 .debug_str     0x0000000000002312       0x9b ../../aarch/rasp4/lib/libcircle.a(sysinit.o)
                                        0x7fc (size before relaxing)
 .debug_str     0x00000000000023ad      0x561 ../../aarch/rasp4/lib/libcircle.a(timer.o)
                                       0x1292 (size before relaxing)
 .debug_str     0x000000000000290e      0x1af ../../aarch/rasp4/lib/libcircle.a(virtualgpiopin.o)
                                        0xa7c (size before relaxing)
 .debug_str     0x0000000000002abd       0x7c ../../aarch/rasp4/lib/libcircle.a(chainboot.o)
                                        0x1fc (size before relaxing)
 .debug_str     0x0000000000002b39       0xcb ../../aarch/rasp4/lib/libcircle.a(memory64.o)
                                        0x86c (size before relaxing)
 .debug_str     0x0000000000002c04       0xab ../../aarch/rasp4/lib/libcircle.a(synchronize64.o)
                                        0x261 (size before relaxing)
 .debug_str     0x0000000000002caf       0x7b ../../aarch/rasp4/lib/libcircle.a(translationtable64.o)
                                        0x479 (size before relaxing)
 .debug_str     0x0000000000002d2a       0x7e ../../aarch/rasp4/lib/libcircle.a(interruptgic.o)
                                       0x1081 (size before relaxing)
 .debug_str     0x0000000000002da8       0x55 ../../aarch/rasp4/lib/libcircle.a(new.o)
                                        0x1bd (size before relaxing)
 .debug_str     0x0000000000002dfd      0x160 ../../aarch/rasp4/lib/libcircle.a(alloc.o)
                                       0x1214 (size before relaxing)
 .debug_str     0x0000000000002f5d       0x7d ../../aarch/rasp4/lib/libcircle.a(assert.o)
                                       0x1078 (size before relaxing)
 .debug_str     0x0000000000002fda       0xb8 ../../aarch/rasp4/lib/libcircle.a(bcmpropertytags.o)
                                        0x83b (size before relaxing)
 .debug_str     0x0000000000003092       0x63 ../../aarch/rasp4/lib/libcircle.a(debug.o)
                                       0x105a (size before relaxing)
 .debug_str     0x00000000000030f5       0x5b ../../aarch/rasp4/lib/libcircle.a(gpiomanager.o)
                                        0x748 (size before relaxing)
 .debug_str     0x0000000000003150      0x145 ../../aarch/rasp4/lib/libcircle.a(logger.o)
                                       0x1838 (size before relaxing)
 .debug_str     0x0000000000003295       0x48 ../../aarch/rasp4/lib/libcircle.a(ptrlist.o)
                                        0x2fc (size before relaxing)
 .debug_str     0x00000000000032dd      0x308 ../../aarch/rasp4/lib/libcircle.a(string.o)
                                        0x606 (size before relaxing)
 .debug_str     0x00000000000035e5       0xf4 ../../aarch/rasp4/lib/libcircle.a(util.o)
                                        0x2ba (size before relaxing)
 .debug_str     0x00000000000036d9       0x6d ../../aarch/rasp4/lib/libcircle.a(bcmmailbox.o)
                                        0xe57 (size before relaxing)
 .debug_str     0x0000000000003746      0x1bd ../../aarch/rasp4/lib/libcircle.a(exceptionhandler64.o)
                                       0x11fc (size before relaxing)

.comment        0x0000000000000000       0x5e
 .comment       0x0000000000000000       0x5e main.o
                                         0x5f (size before relaxing)
 .comment       0x000000000000005e       0x5f kernel.o
 .comment       0x000000000000005e       0x5f ../../aarch/rasp4/lib/libcircle.a(actled.o)
 .comment       0x000000000000005e       0x5f ../../aarch/rasp4/lib/libcircle.a(gpiopin.o)
 .comment       0x000000000000005e       0x5f ../../aarch/rasp4/lib/libcircle.a(machineinfo.o)
 .comment       0x000000000000005e       0x5f ../../aarch/rasp4/lib/libcircle.a(sysinit.o)
 .comment       0x000000000000005e       0x5f ../../aarch/rasp4/lib/libcircle.a(timer.o)
 .comment       0x000000000000005e       0x5f ../../aarch/rasp4/lib/libcircle.a(virtualgpiopin.o)
 .comment       0x000000000000005e       0x5f ../../aarch/rasp4/lib/libcircle.a(chainboot.o)
 .comment       0x000000000000005e       0x5f ../../aarch/rasp4/lib/libcircle.a(memory64.o)
 .comment       0x000000000000005e       0x5f ../../aarch/rasp4/lib/libcircle.a(synchronize64.o)
 .comment       0x000000000000005e       0x5f ../../aarch/rasp4/lib/libcircle.a(translationtable64.o)
 .comment       0x000000000000005e       0x5f ../../aarch/rasp4/lib/libcircle.a(interruptgic.o)
 .comment       0x000000000000005e       0x5f ../../aarch/rasp4/lib/libcircle.a(new.o)
 .comment       0x000000000000005e       0x5f ../../aarch/rasp4/lib/libcircle.a(alloc.o)
 .comment       0x000000000000005e       0x5f ../../aarch/rasp4/lib/libcircle.a(assert.o)
 .comment       0x000000000000005e       0x5f ../../aarch/rasp4/lib/libcircle.a(bcmpropertytags.o)
 .comment       0x000000000000005e       0x5f ../../aarch/rasp4/lib/libcircle.a(debug.o)
 .comment       0x000000000000005e       0x5f ../../aarch/rasp4/lib/libcircle.a(gpiomanager.o)
 .comment       0x000000000000005e       0x5f ../../aarch/rasp4/lib/libcircle.a(logger.o)
 .comment       0x000000000000005e       0x5f ../../aarch/rasp4/lib/libcircle.a(ptrlist.o)
 .comment       0x000000000000005e       0x5f ../../aarch/rasp4/lib/libcircle.a(string.o)
 .comment       0x000000000000005e       0x5f ../../aarch/rasp4/lib/libcircle.a(util.o)
 .comment       0x000000000000005e       0x5f ../../aarch/rasp4/lib/libcircle.a(bcmmailbox.o)
 .comment       0x000000000000005e       0x5f ../../aarch/rasp4/lib/libcircle.a(exceptionhandler64.o)

.debug_frame    0x0000000000000000     0x2770
 .debug_frame   0x0000000000000000       0x30 main.o
 .debug_frame   0x0000000000000030       0xa8 kernel.o
 .debug_frame   0x00000000000000d8       0xe8 ../../aarch/rasp4/lib/libcircle.a(actled.o)
 .debug_frame   0x00000000000001c0      0x488 ../../aarch/rasp4/lib/libcircle.a(gpiopin.o)
 .debug_frame   0x0000000000000648      0x2b8 ../../aarch/rasp4/lib/libcircle.a(machineinfo.o)
 .debug_frame   0x0000000000000900       0xb0 ../../aarch/rasp4/lib/libcircle.a(sysinit.o)
 .debug_frame   0x00000000000009b0      0x528 ../../aarch/rasp4/lib/libcircle.a(timer.o)
 .debug_frame   0x0000000000000ed8      0x120 ../../aarch/rasp4/lib/libcircle.a(virtualgpiopin.o)
 .debug_frame   0x0000000000000ff8       0x80 ../../aarch/rasp4/lib/libcircle.a(chainboot.o)
 .debug_frame   0x0000000000001078      0x140 ../../aarch/rasp4/lib/libcircle.a(memory64.o)
 .debug_frame   0x00000000000011b8      0x120 ../../aarch/rasp4/lib/libcircle.a(synchronize64.o)
 .debug_frame   0x00000000000012d8       0xa8 ../../aarch/rasp4/lib/libcircle.a(translationtable64.o)
 .debug_frame   0x0000000000001380      0x2e0 ../../aarch/rasp4/lib/libcircle.a(interruptgic.o)
 .debug_frame   0x0000000000001660       0xa0 ../../aarch/rasp4/lib/libcircle.a(new.o)
 .debug_frame   0x0000000000001700      0x1e8 ../../aarch/rasp4/lib/libcircle.a(alloc.o)
 .debug_frame   0x00000000000018e8       0x38 ../../aarch/rasp4/lib/libcircle.a(assert.o)
 .debug_frame   0x0000000000001920       0xc8 ../../aarch/rasp4/lib/libcircle.a(bcmpropertytags.o)
 .debug_frame   0x00000000000019e8       0x90 ../../aarch/rasp4/lib/libcircle.a(debug.o)
 .debug_frame   0x0000000000001a78      0x170 ../../aarch/rasp4/lib/libcircle.a(gpiomanager.o)
 .debug_frame   0x0000000000001be8      0x290 ../../aarch/rasp4/lib/libcircle.a(logger.o)
 .debug_frame   0x0000000000001e78      0x1b8 ../../aarch/rasp4/lib/libcircle.a(ptrlist.o)
 .debug_frame   0x0000000000002030      0x3a8 ../../aarch/rasp4/lib/libcircle.a(string.o)
 .debug_frame   0x00000000000023d8      0x178 ../../aarch/rasp4/lib/libcircle.a(util.o)
 .debug_frame   0x0000000000002550      0x120 ../../aarch/rasp4/lib/libcircle.a(bcmmailbox.o)
 .debug_frame   0x0000000000002670      0x100 ../../aarch/rasp4/lib/libcircle.a(exceptionhandler64.o)
